
> @figma/my-make-file@0.0.1 build
> vite build

[36mvite v6.4.1 [32mbuilding for production...[36m[39m
transforming...
[32mΓ£ô[39m 2296 modules transformed.
node.exe : [31mΓ£ù[39m Build failed in 
7.60s
At line:1 char:1
+ & "C:\Program Files\nodejs/node.exe" 
"C:\Program Files\nodejs/node_mo ...
+ ~~~~~~~~~~~~~~~~~~~~~~~~~~~~~~~~~~~~~~~
~~~~~~~~~~~~~~~~~~~~~~~~~~~~~~
    + CategoryInfo          : NotSpecifi 
   ed: ([31mΓ£ù[39m Build failed in 7  
  .60s:String) [], RemoteException
    + FullyQualifiedErrorId : NativeComm 
   andError
 
[31merror during build:
[31mCould not resolve "../lib/supabase" 
from 
"src/app/components/AuthModal.tsx"[31m
file: [36mC:/project/CortdevsWebsite/src
/app/components/AuthModal.tsx[31m
    at getRollupError (file:///C:/project
/CortdevsWebsite/node_modules/rollup/dist
/es/shared/parseAst.js:402:41)
    at error (file:///C:/project/Cortdevs
Website/node_modules/rollup/dist/es/share
d/parseAst.js:398:42)
    at 
ModuleLoader.handleInvalidResolvedId (fil
e:///C:/project/CortdevsWebsite/node_modu
les/rollup/dist/es/shared/node-entry.js:2
1710:24)
    at file:///C:/project/CortdevsWebsite
/node_modules/rollup/dist/es/shared/node-
entry.js:21670:26[39m
